{"level":"info","ts":1641542323.768793,"msg":"","kind":"server","component":"http","operation":"/api.testing.Testing/ListTest","args":"","code":0,"reason":"","stack":"","latency":0.000096674}
